[2026-07-29 17:37:32.913] [INFO] [system] 日志系统初始化完成
[2026-07-29 17:46:17.120] [INFO] [analysis] 重新分析了 10 条新闻
[2026-07-29 18:15:29.348] [INFO] [system] 日志系统初始化完成
[2026-07-29 18:23:30.969] [INFO] [system] 日志系统初始化完成
[2026-07-29 18:23:50.353] [INFO] [admin] 执行数据库 VACUUM 成功
[2026-07-29 18:24:16.110] [INFO] [admin] 执行数据库 VACUUM 成功
[2026-07-29 18:25:22.771] [INFO] [system] 日志系统初始化完成
[2026-07-29 18:26:10.154] [INFO] [system] 日志系统初始化完成
[2026-07-29 18:35:49.588] [INFO] [admin] 清空所有数据并 VACUUM 成功
[2026-07-29 19:29:08.077] [INFO] [system] 日志系统初始化完成
[2026-07-29 19:29:20.645] [INFO] [fetcher] 开始抓取单个源: 36氪
[2026-07-29 19:29:21.312] [INFO] [fetcher] 成功保存 30 条新闻 [36氪]
[2026-07-29 19:29:33.156] [INFO] [fetcher] 开始抓取 15 个新闻源
[2026-07-29 19:29:33.482] [INFO] [fetcher] 抓取成功 [人民网-时政]: 获取 100 条新闻
[2026-07-29 19:29:33.802] [INFO] [fetcher] 抓取成功 [人民网-财经]: 获取 100 条新闻
[2026-07-29 19:29:34.052] [INFO] [fetcher] 抓取成功 [人民网-体育]: 获取 100 条新闻
[2026-07-29 19:29:34.397] [INFO] [fetcher] 抓取成功 [新华网-时政]: 获取 300 条新闻
[2026-07-29 19:29:34.816] [INFO] [fetcher] 抓取成功 [新华网-财经]: 获取 300 条新闻
[2026-07-29 19:29:35.219] [INFO] [fetcher] 抓取成功 [中国新闻网]: 获取 30 条新闻
[2026-07-29 19:29:35.900] [INFO] [fetcher] 抓取成功 [36氪]: 获取 30 条新闻
[2026-07-29 19:29:36.329] [INFO] [fetcher] 抓取成功 [少数派]: 获取 10 条新闻
[2026-07-29 19:29:51.528] [ERROR] [fetcher] 请求失败 [V2EX]: Get "https://www.v2ex.com/feed": context deadline exceeded (Client.Timeout exceeded while awaiting headers)
[2026-07-29 19:29:51.667] [ERROR] [fetcher] 抓取失败 [V2EX]: 网络请求失败: Get "https://www.v2ex.com/feed": context deadline exceeded (Client.Timeout exceeded while awaiting headers)
[2026-07-29 19:30:06.773] [ERROR] [fetcher] 请求失败 [豆瓣读书]: Get "https://feedx.net/rss/douban.xml": context deadline exceeded (Client.Timeout exceeded while awaiting headers)
[2026-07-29 19:30:06.888] [ERROR] [fetcher] 抓取失败 [豆瓣读书]: 网络请求失败: Get "https://feedx.net/rss/douban.xml": context deadline exceeded (Client.Timeout exceeded while awaiting headers)
[2026-07-29 19:30:12.765] [INFO] [fetcher] 抓取成功 [Hacker News]: 获取 20 条新闻
[2026-07-29 19:30:14.628] [ERROR] [fetcher] XML解析失败 [GitHub Trending]: expected element type <rss> but have <html> (响应前200字符: 

<!DOCTYPE html>
<html
  lang="en"
  
  data-color-mode="auto" data-light-theme="light" data-dark-theme="dark"
  data-a11y-animated-images="system" data-a11y-link-underlines="true"
  
  >




  <head)
[2026-07-29 19:30:14.743] [ERROR] [fetcher] 抓取失败 [GitHub Trending]: XML解析错误: expected element type <rss> but have <html>
[2026-07-29 19:30:14.791] [INFO] [fetcher] 抓取完成: 成功 9 个源, 失败 3 个源, 共获取 990 条新闻
[2026-07-29 19:30:14.816] [INFO] [fetcher] 准备保存 990 条新闻
[2026-07-29 19:30:15.349] [INFO] [fetcher] 成功保存 960 条新闻
[2026-07-29 19:31:42.933] [INFO] [system] 日志系统初始化完成
[2026-07-29 19:33:26.618] [INFO] [system] 日志系统初始化完成
[2026-07-29 19:41:17.764] [INFO] [fetcher] 开始抓取 15 个新闻源
[2026-07-29 19:41:19.772] [INFO] [fetcher] 抓取成功 [人民网-时政]: 获取 100 条新闻
[2026-07-29 19:41:20.037] [INFO] [fetcher] 抓取成功 [人民网-财经]: 获取 100 条新闻
[2026-07-29 19:41:20.228] [INFO] [fetcher] 抓取成功 [人民网-体育]: 获取 100 条新闻
[2026-07-29 19:41:20.518] [INFO] [fetcher] 抓取成功 [新华网-时政]: 获取 300 条新闻
[2026-07-29 19:41:20.913] [INFO] [fetcher] 抓取成功 [新华网-财经]: 获取 300 条新闻
[2026-07-29 19:41:21.242] [INFO] [fetcher] 抓取成功 [中国新闻网]: 获取 30 条新闻
[2026-07-29 19:41:21.848] [INFO] [fetcher] 抓取成功 [36氪]: 获取 30 条新闻
[2026-07-29 19:41:22.219] [INFO] [fetcher] 抓取成功 [少数派]: 获取 10 条新闻
[2026-07-29 19:41:37.390] [ERROR] [fetcher] 请求失败 [V2EX]: Get "https://www.v2ex.com/feed": context deadline exceeded (Client.Timeout exceeded while awaiting headers)
[2026-07-29 19:41:37.500] [ERROR] [fetcher] 抓取失败 [V2EX]: 网络请求失败: Get "https://www.v2ex.com/feed": context deadline exceeded (Client.Timeout exceeded while awaiting headers)
[2026-07-29 19:41:39.005] [ERROR] [fetcher] 请求失败 [豆瓣读书]: Get "https://feedx.net/rss/douban.xml": read tcp 192.168.10.228:3549->39.109.122.128:443: wsarecv: An existing connection was forcibly closed by the remote host.
[2026-07-29 19:41:39.120] [ERROR] [fetcher] 抓取失败 [豆瓣读书]: 网络请求失败: Get "https://feedx.net/rss/douban.xml": read tcp 192.168.10.228:3549->39.109.122.128:443: wsarecv: An existing connection was forcibly closed by the remote host.
[2026-07-29 19:41:44.332] [INFO] [fetcher] 抓取成功 [Hacker News]: 获取 20 条新闻
[2026-07-29 19:41:46.282] [ERROR] [fetcher] XML解析失败 [GitHub Trending]: expected element type <rss> but have <html> (响应前200字符: 

<!DOCTYPE html>
<html
  lang="en"
  
  data-color-mode="auto" data-light-theme="light" data-dark-theme="dark"
  data-a11y-animated-images="system" data-a11y-link-underlines="true"
  
  >




  <head)
[2026-07-29 19:41:46.407] [ERROR] [fetcher] 抓取失败 [GitHub Trending]: XML解析错误: expected element type <rss> but have <html>
[2026-07-29 19:41:46.551] [INFO] [fetcher] 抓取完成: 成功 9 个源, 失败 3 个源, 共获取 990 条新闻
[2026-07-29 19:41:46.577] [INFO] [fetcher] 准备保存 990 条新闻
[2026-07-29 19:41:47.026] [INFO] [fetcher] 成功保存 6 条新闻
[2026-07-29 19:41:58.748] [INFO] [fetcher] 开始抓取 15 个新闻源
[2026-07-29 19:41:59.024] [INFO] [fetcher] 抓取成功 [人民网-时政]: 获取 100 条新闻
[2026-07-29 19:41:59.283] [INFO] [fetcher] 抓取成功 [人民网-财经]: 获取 100 条新闻
[2026-07-29 19:41:59.434] [INFO] [fetcher] 抓取成功 [人民网-体育]: 获取 100 条新闻
[2026-07-29 19:41:59.718] [INFO] [fetcher] 抓取成功 [新华网-时政]: 获取 300 条新闻
[2026-07-29 19:42:00.054] [INFO] [fetcher] 抓取成功 [新华网-财经]: 获取 300 条新闻
[2026-07-29 19:42:00.248] [INFO] [fetcher] 抓取成功 [中国新闻网]: 获取 30 条新闻
[2026-07-29 19:42:00.787] [INFO] [fetcher] 抓取成功 [36氪]: 获取 30 条新闻
[2026-07-29 19:42:01.148] [INFO] [fetcher] 抓取成功 [少数派]: 获取 10 条新闻
[2026-07-29 19:42:16.230] [ERROR] [fetcher] 请求失败 [V2EX]: Get "https://www.v2ex.com/feed": context deadline exceeded (Client.Timeout exceeded while awaiting headers)
[2026-07-29 19:42:16.346] [ERROR] [fetcher] 抓取失败 [V2EX]: 网络请求失败: Get "https://www.v2ex.com/feed": context deadline exceeded (Client.Timeout exceeded while awaiting headers)
[2026-07-29 19:42:16.813] [ERROR] [fetcher] 请求失败 [豆瓣读书]: Get "https://feedx.net/rss/douban.xml": read tcp 192.168.10.228:3572->39.109.122.128:443: wsarecv: An existing connection was forcibly closed by the remote host.
[2026-07-29 19:42:16.932] [ERROR] [fetcher] 抓取失败 [豆瓣读书]: 网络请求失败: Get "https://feedx.net/rss/douban.xml": read tcp 192.168.10.228:3572->39.109.122.128:443: wsarecv: An existing connection was forcibly closed by the remote host.
[2026-07-29 19:42:22.901] [INFO] [fetcher] 抓取成功 [Hacker News]: 获取 20 条新闻
[2026-07-29 19:42:23.772] [ERROR] [fetcher] XML解析失败 [GitHub Trending]: expected element type <rss> but have <html> (响应前200字符: 

<!DOCTYPE html>
<html
  lang="en"
  
  data-color-mode="auto" data-light-theme="light" data-dark-theme="dark"
  data-a11y-animated-images="system" data-a11y-link-underlines="true"
  
  >




  <head)
[2026-07-29 19:42:23.886] [ERROR] [fetcher] 抓取失败 [GitHub Trending]: XML解析错误: expected element type <rss> but have <html>
[2026-07-29 19:42:23.935] [INFO] [fetcher] 抓取完成: 成功 9 个源, 失败 3 个源, 共获取 990 条新闻
[2026-07-29 19:42:23.959] [INFO] [fetcher] 准备保存 990 条新闻
[2026-07-29 19:42:24.198] [INFO] [fetcher] 成功保存 0 条新闻
[2026-07-29 20:42:32.946] [INFO] [fetcher] 开始抓取 15 个新闻源
[2026-07-29 20:42:33.242] [INFO] [fetcher] 抓取成功 [人民网-时政]: 获取 100 条新闻
[2026-07-29 20:42:33.518] [INFO] [fetcher] 抓取成功 [人民网-财经]: 获取 100 条新闻
[2026-07-29 20:42:33.690] [INFO] [fetcher] 抓取成功 [人民网-体育]: 获取 100 条新闻
[2026-07-29 20:42:33.990] [INFO] [fetcher] 抓取成功 [新华网-时政]: 获取 300 条新闻
[2026-07-29 20:42:34.364] [INFO] [fetcher] 抓取成功 [新华网-财经]: 获取 300 条新闻
[2026-07-29 20:42:34.717] [INFO] [fetcher] 抓取成功 [中国新闻网]: 获取 30 条新闻
[2026-07-29 20:42:35.345] [INFO] [fetcher] 抓取成功 [36氪]: 获取 30 条新闻
[2026-07-29 20:42:35.731] [INFO] [fetcher] 抓取成功 [少数派]: 获取 10 条新闻
[2026-07-29 20:42:50.922] [ERROR] [fetcher] 请求失败 [V2EX]: Get "https://www.v2ex.com/feed": context deadline exceeded (Client.Timeout exceeded while awaiting headers)
[2026-07-29 20:42:51.071] [ERROR] [fetcher] 抓取失败 [V2EX]: 网络请求失败: Get "https://www.v2ex.com/feed": context deadline exceeded (Client.Timeout exceeded while awaiting headers)
[2026-07-29 20:43:06.207] [ERROR] [fetcher] 请求失败 [豆瓣读书]: Get "https://feedx.net/rss/douban.xml": context deadline exceeded (Client.Timeout exceeded while awaiting headers)
[2026-07-29 20:43:06.328] [ERROR] [fetcher] 抓取失败 [豆瓣读书]: 网络请求失败: Get "https://feedx.net/rss/douban.xml": context deadline exceeded (Client.Timeout exceeded while awaiting headers)
[2026-07-29 20:43:16.938] [INFO] [fetcher] 抓取成功 [Hacker News]: 获取 20 条新闻
[2026-07-29 20:43:32.106] [ERROR] [fetcher] 请求失败 [GitHub Trending]: Get "https://github.com/trending": context deadline exceeded (Client.Timeout exceeded while awaiting headers)
[2026-07-29 20:43:32.298] [ERROR] [fetcher] 抓取失败 [GitHub Trending]: 网络请求失败: Get "https://github.com/trending": context deadline exceeded (Client.Timeout exceeded while awaiting headers)
[2026-07-29 20:43:32.358] [INFO] [fetcher] 抓取完成: 成功 9 个源, 失败 3 个源, 共获取 990 条新闻
[2026-07-29 20:43:32.382] [INFO] [fetcher] 准备保存 990 条新闻
[2026-07-29 20:43:32.864] [INFO] [fetcher] 成功保存 52 条新闻
[2026-07-29 20:50:49.101] [ERROR] [fetcher] 获取新闻源失败 [ID=13]: sql: Scan error on column index 6, name "last_fetch": converting NULL to string is unsupported
[2026-07-29 20:50:49.212] [ERROR] [fetch] 抓取源 13 失败: sql: Scan error on column index 6, name "last_fetch": converting NULL to string is unsupported
[2026-07-29 20:50:52.362] [ERROR] [fetcher] 获取新闻源失败 [ID=15]: sql: Scan error on column index 6, name "last_fetch": converting NULL to string is unsupported
[2026-07-29 20:50:52.474] [ERROR] [fetch] 抓取源 15 失败: sql: Scan error on column index 6, name "last_fetch": converting NULL to string is unsupported
[2026-07-29 20:50:54.138] [ERROR] [fetcher] 获取新闻源失败 [ID=12]: sql: Scan error on column index 6, name "last_fetch": converting NULL to string is unsupported
[2026-07-29 20:50:54.162] [ERROR] [fetch] 抓取源 12 失败: sql: Scan error on column index 6, name "last_fetch": converting NULL to string is unsupported
[2026-07-29 20:50:55.406] [ERROR] [fetcher] 获取新闻源失败 [ID=10]: sql: Scan error on column index 6, name "last_fetch": converting NULL to string is unsupported
[2026-07-29 20:50:55.547] [ERROR] [fetch] 抓取源 10 失败: sql: Scan error on column index 6, name "last_fetch": converting NULL to string is unsupported
[2026-07-29 20:50:56.618] [ERROR] [fetcher] 获取新闻源失败 [ID=9]: sql: Scan error on column index 6, name "last_fetch": converting NULL to string is unsupported
[2026-07-29 20:50:56.740] [ERROR] [fetch] 抓取源 9 失败: sql: Scan error on column index 6, name "last_fetch": converting NULL to string is unsupported
[2026-07-29 20:50:58.321] [ERROR] [fetcher] 获取新闻源失败 [ID=7]: sql: Scan error on column index 6, name "last_fetch": converting NULL to string is unsupported
[2026-07-29 20:50:58.436] [ERROR] [fetch] 抓取源 7 失败: sql: Scan error on column index 6, name "last_fetch": converting NULL to string is unsupported
[2026-07-29 20:51:02.229] [ERROR] [fetcher] 获取新闻源失败 [ID=7]: sql: Scan error on column index 6, name "last_fetch": converting NULL to string is unsupported
[2026-07-29 20:51:02.346] [ERROR] [fetch] 抓取源 7 失败: sql: Scan error on column index 6, name "last_fetch": converting NULL to string is unsupported
[2026-07-29 20:51:03.801] [ERROR] [fetcher] 获取新闻源失败 [ID=9]: sql: Scan error on column index 6, name "last_fetch": converting NULL to string is unsupported
[2026-07-29 20:51:03.920] [ERROR] [fetch] 抓取源 9 失败: sql: Scan error on column index 6, name "last_fetch": converting NULL to string is unsupported
[2026-07-29 20:51:05.018] [INFO] [fetcher] 开始抓取单个源: 少数派
[2026-07-29 20:51:05.348] [INFO] [fetcher] 成功保存 0 条新闻 [少数派]
[2026-07-29 20:51:05.463] [INFO] [fetch] 成功抓取源 11 的 0 条新闻
[2026-07-29 20:52:37.930] [INFO] [admin] 添加了新闻源: 百度实时热点
[2026-07-29 20:52:42.064] [ERROR] [fetcher] 获取新闻源失败 [ID=16]: sql: Scan error on column index 6, name "last_fetch": converting NULL to string is unsupported
[2026-07-29 20:52:42.117] [ERROR] [fetch] 抓取源 16 失败: sql: Scan error on column index 6, name "last_fetch": converting NULL to string is unsupported
[2026-07-29 20:52:43.488] [ERROR] [fetcher] 获取新闻源失败 [ID=16]: sql: Scan error on column index 6, name "last_fetch": converting NULL to string is unsupported
[2026-07-29 20:52:43.533] [ERROR] [fetch] 抓取源 16 失败: sql: Scan error on column index 6, name "last_fetch": converting NULL to string is unsupported
[2026-07-29 20:52:44.425] [ERROR] [fetcher] 获取新闻源失败 [ID=16]: sql: Scan error on column index 6, name "last_fetch": converting NULL to string is unsupported
[2026-07-29 20:52:44.489] [ERROR] [fetch] 抓取源 16 失败: sql: Scan error on column index 6, name "last_fetch": converting NULL to string is unsupported
[2026-07-29 20:52:45.016] [INFO] [admin] 更新了新闻源: 
[2026-07-29 20:52:45.443] [INFO] [admin] 更新了新闻源: 
[2026-07-29 20:52:52.677] [ERROR] [fetcher] 获取新闻源失败 [ID=16]: sql: Scan error on column index 6, name "last_fetch": converting NULL to string is unsupported
[2026-07-29 20:52:52.722] [ERROR] [fetch] 抓取源 16 失败: sql: Scan error on column index 6, name "last_fetch": converting NULL to string is unsupported
[2026-07-29 20:52:53.259] [ERROR] [fetcher] 获取新闻源失败 [ID=16]: sql: Scan error on column index 6, name "last_fetch": converting NULL to string is unsupported
[2026-07-29 20:52:53.293] [ERROR] [fetch] 抓取源 16 失败: sql: Scan error on column index 6, name "last_fetch": converting NULL to string is unsupported
[2026-07-29 20:52:54.481] [INFO] [admin] 更新了新闻源: 
[2026-07-29 20:52:55.686] [INFO] [admin] 更新了新闻源: 
[2026-07-29 20:52:56.574] [ERROR] [fetcher] 获取新闻源失败 [ID=16]: sql: Scan error on column index 6, name "last_fetch": converting NULL to string is unsupported
[2026-07-29 20:52:56.627] [ERROR] [fetch] 抓取源 16 失败: sql: Scan error on column index 6, name "last_fetch": converting NULL to string is unsupported
[2026-07-29 20:53:00.525] [INFO] [admin] 删除了新闻源 ID: 16
[2026-07-29 21:02:53.734] [INFO] [system] 日志系统初始化完成
[2026-07-29 21:03:52.639] [INFO] [system] 日志系统初始化完成
[2026-07-29 21:08:53.682] [INFO] [system] 日志系统初始化完成
[2026-07-29 21:11:25.241] [INFO] [system] 日志系统初始化完成
[2026-07-29 21:17:49.792] [INFO] [system] 日志系统初始化完成
[2026-07-30 02:35:35.204] [INFO] [system] 日志系统初始化完成
[2026-07-30 03:11:20.479] [INFO] [system] 日志系统初始化完成
[2026-07-30 03:15:07.061] [INFO] [fetcher] 开始抓取 15 个新闻源
[2026-07-30 03:15:07.353] [INFO] [fetcher] 抓取成功 [人民网-时政]: 获取 100 条新闻
[2026-07-30 03:15:07.626] [INFO] [fetcher] 抓取成功 [人民网-财经]: 获取 100 条新闻
[2026-07-30 03:15:07.822] [INFO] [fetcher] 抓取成功 [人民网-体育]: 获取 100 条新闻
[2026-07-30 03:15:08.173] [INFO] [fetcher] 抓取成功 [新华网-时政]: 获取 300 条新闻
[2026-07-30 03:15:08.555] [INFO] [fetcher] 抓取成功 [新华网-财经]: 获取 300 条新闻
[2026-07-30 03:15:08.859] [INFO] [fetcher] 抓取成功 [中国新闻网]: 获取 30 条新闻
[2026-07-30 03:15:09.479] [INFO] [fetcher] 抓取成功 [36氪]: 获取 30 条新闻
[2026-07-30 03:15:09.863] [INFO] [fetcher] 抓取成功 [少数派]: 获取 10 条新闻
[2026-07-30 03:15:25.023] [ERROR] [fetcher] 请求失败 [V2EX]: Get "https://www.v2ex.com/feed": context deadline exceeded (Client.Timeout exceeded while awaiting headers)
[2026-07-30 03:15:25.206] [ERROR] [fetcher] 抓取失败 [V2EX]: 网络请求失败: Get "https://www.v2ex.com/feed": context deadline exceeded (Client.Timeout exceeded while awaiting headers)
[2026-07-30 03:15:34.404] [INFO] [fetcher] 开始抓取 15 个新闻源
[2026-07-30 03:15:34.677] [INFO] [fetcher] 抓取成功 [人民网-时政]: 获取 100 条新闻
[2026-07-30 03:15:34.925] [INFO] [fetcher] 抓取成功 [人民网-财经]: 获取 100 条新闻
[2026-07-30 03:15:35.066] [INFO] [fetcher] 抓取成功 [人民网-体育]: 获取 100 条新闻
[2026-07-30 03:15:35.432] [INFO] [fetcher] 抓取成功 [新华网-时政]: 获取 300 条新闻
[2026-07-30 03:15:35.847] [INFO] [fetcher] 抓取成功 [新华网-财经]: 获取 300 条新闻
[2026-07-30 03:15:36.055] [INFO] [fetcher] 抓取成功 [中国新闻网]: 获取 30 条新闻
[2026-07-30 03:15:36.583] [INFO] [fetcher] 抓取成功 [36氪]: 获取 30 条新闻
[2026-07-30 03:15:36.957] [INFO] [fetcher] 抓取成功 [少数派]: 获取 10 条新闻
[2026-07-30 03:15:40.257] [ERROR] [fetcher] 请求失败 [豆瓣读书]: Get "https://feedx.net/rss/douban.xml": context deadline exceeded (Client.Timeout exceeded while awaiting headers)
[2026-07-30 03:15:40.372] [ERROR] [fetcher] 抓取失败 [豆瓣读书]: 网络请求失败: Get "https://feedx.net/rss/douban.xml": context deadline exceeded (Client.Timeout exceeded while awaiting headers)
[2026-07-30 03:15:41.853] [INFO] [fetcher] 抓取成功 [Hacker News]: 获取 20 条新闻
[2026-07-30 03:15:43.630] [ERROR] [fetcher] XML解析失败 [GitHub Trending]: expected element type <rss> but have <html> (响应前200字符: 

<!DOCTYPE html>
<html
  lang="en"
  
  data-color-mode="auto" data-light-theme="light" data-dark-theme="dark"
  data-a11y-animated-images="system" data-a11y-link-underlines="true"
  
  >




  <head)
[2026-07-30 03:15:43.749] [ERROR] [fetcher] 抓取失败 [GitHub Trending]: XML解析错误: expected element type <rss> but have <html>
[2026-07-30 03:15:43.798] [INFO] [fetcher] 抓取完成: 成功 9 个源, 失败 3 个源, 共获取 990 条新闻
[2026-07-30 03:15:43.823] [INFO] [fetcher] 准备保存 990 条新闻
[2026-07-30 03:15:44.319] [INFO] [fetcher] 成功保存 53 条新闻
[2026-07-30 03:15:52.123] [ERROR] [fetcher] 请求失败 [V2EX]: Get "https://www.v2ex.com/feed": context deadline exceeded (Client.Timeout exceeded while awaiting headers)
[2026-07-30 03:15:52.233] [ERROR] [fetcher] 抓取失败 [V2EX]: 网络请求失败: Get "https://www.v2ex.com/feed": context deadline exceeded (Client.Timeout exceeded while awaiting headers)
[2026-07-30 03:16:07.284] [ERROR] [fetcher] 请求失败 [豆瓣读书]: Get "https://feedx.net/rss/douban.xml": context deadline exceeded (Client.Timeout exceeded while awaiting headers)
[2026-07-30 03:16:07.401] [ERROR] [fetcher] 抓取失败 [豆瓣读书]: 网络请求失败: Get "https://feedx.net/rss/douban.xml": context deadline exceeded (Client.Timeout exceeded while awaiting headers)
[2026-07-30 03:16:08.877] [INFO] [fetcher] 抓取成功 [Hacker News]: 获取 20 条新闻
[2026-07-30 03:16:09.554] [ERROR] [fetcher] XML解析失败 [GitHub Trending]: expected element type <rss> but have <html> (响应前200字符: 

<!DOCTYPE html>
<html
  lang="en"
  
  data-color-mode="auto" data-light-theme="light" data-dark-theme="dark"
  data-a11y-animated-images="system" data-a11y-link-underlines="true"
  
  >




  <head)
[2026-07-30 03:16:09.688] [ERROR] [fetcher] 抓取失败 [GitHub Trending]: XML解析错误: expected element type <rss> but have <html>
[2026-07-30 03:16:09.810] [INFO] [fetcher] 抓取完成: 成功 9 个源, 失败 3 个源, 共获取 990 条新闻
[2026-07-30 03:16:09.829] [INFO] [fetcher] 准备保存 990 条新闻
[2026-07-30 03:16:10.126] [INFO] [fetcher] 成功保存 0 条新闻
[2026-07-31 00:22:09.429] [INFO] [system] 日志系统初始化完成
[2026-07-31 02:39:23.920] [INFO] [system] 日志系统初始化完成
[2026-07-31 17:39:59.004] [INFO] [system] 日志系统初始化完成
[2026-07-31 17:51:46.642] [INFO] [system] 日志系统初始化完成
[2026-07-31 17:54:00.483] [INFO] [fetcher] 开始抓取 15 个新闻源
[2026-07-31 17:54:00.755] [INFO] [fetcher] 抓取成功 [人民网-时政]: 获取 100 条新闻
[2026-07-31 17:54:00.960] [INFO] [fetcher] 抓取成功 [人民网-财经]: 获取 100 条新闻
[2026-07-31 17:54:01.124] [INFO] [fetcher] 抓取成功 [人民网-体育]: 获取 100 条新闻
[2026-07-31 17:54:01.502] [INFO] [fetcher] 抓取成功 [新华网-时政]: 获取 300 条新闻
[2026-07-31 17:54:01.922] [INFO] [fetcher] 抓取成功 [新华网-财经]: 获取 300 条新闻
[2026-07-31 17:54:02.176] [INFO] [fetcher] 抓取成功 [中国新闻网]: 获取 30 条新闻
[2026-07-31 17:54:02.837] [INFO] [fetcher] 抓取成功 [36氪]: 获取 30 条新闻
[2026-07-31 17:54:03.140] [INFO] [fetcher] 抓取成功 [少数派]: 获取 10 条新闻
[2026-07-31 17:54:18.217] [ERROR] [fetcher] 请求失败 [V2EX]: Get "https://www.v2ex.com/feed": context deadline exceeded (Client.Timeout exceeded while awaiting headers)
[2026-07-31 17:54:18.319] [ERROR] [fetcher] 抓取失败 [V2EX]: 网络请求失败: Get "https://www.v2ex.com/feed": context deadline exceeded (Client.Timeout exceeded while awaiting headers)
[2026-07-31 17:54:27.387] [INFO] [analysis] 重新分析了 100 条新闻
[2026-07-31 17:54:32.160] [INFO] [analysis] 重新分析了 658 条新闻
[2026-07-31 17:54:33.401] [ERROR] [fetcher] 请求失败 [豆瓣读书]: Get "https://feedx.net/rss/douban.xml": context deadline exceeded (Client.Timeout exceeded while awaiting headers)
[2026-07-31 17:54:33.450] [ERROR] [fetcher] 抓取失败 [豆瓣读书]: 网络请求失败: Get "https://feedx.net/rss/douban.xml": context deadline exceeded (Client.Timeout exceeded while awaiting headers)
[2026-07-31 17:54:38.473] [INFO] [fetcher] 抓取成功 [Hacker News]: 获取 20 条新闻
[2026-07-31 17:54:40.220] [ERROR] [fetcher] XML解析失败 [GitHub Trending]: expected element type <rss> but have <html> (响应前200字符: 

<!DOCTYPE html>
<html
  lang="en"
  
  data-color-mode="auto" data-light-theme="light" data-dark-theme="dark"
  data-a11y-animated-images="system" data-a11y-link-underlines="true"
  
  >




  <head)
[2026-07-31 17:54:40.256] [ERROR] [fetcher] 抓取失败 [GitHub Trending]: XML解析错误: expected element type <rss> but have <html>
[2026-07-31 17:54:40.328] [INFO] [fetcher] 抓取完成: 成功 9 个源, 失败 3 个源, 共获取 990 条新闻
[2026-07-31 17:54:40.352] [INFO] [fetcher] 准备保存 990 条新闻
[2026-07-31 17:54:40.713] [INFO] [fetcher] 成功保存 87 条新闻
[2026-07-31 17:54:56.914] [INFO] [fetcher] 开始抓取 15 个新闻源
[2026-07-31 17:54:57.170] [INFO] [fetcher] 抓取成功 [人民网-时政]: 获取 100 条新闻
[2026-07-31 17:54:57.438] [INFO] [fetcher] 抓取成功 [人民网-财经]: 获取 100 条新闻
[2026-07-31 17:54:57.566] [INFO] [fetcher] 抓取成功 [人民网-体育]: 获取 100 条新闻
[2026-07-31 17:54:57.947] [INFO] [fetcher] 抓取成功 [新华网-时政]: 获取 300 条新闻
[2026-07-31 17:54:58.442] [INFO] [fetcher] 抓取成功 [新华网-财经]: 获取 300 条新闻
[2026-07-31 17:54:58.752] [INFO] [fetcher] 抓取成功 [中国新闻网]: 获取 30 条新闻
[2026-07-31 17:54:59.412] [INFO] [fetcher] 抓取成功 [36氪]: 获取 30 条新闻
[2026-07-31 17:54:59.769] [INFO] [fetcher] 抓取成功 [少数派]: 获取 10 条新闻
[2026-07-31 17:55:14.961] [ERROR] [fetcher] 请求失败 [V2EX]: Get "https://www.v2ex.com/feed": context deadline exceeded (Client.Timeout exceeded while awaiting headers)
[2026-07-31 17:55:15.043] [ERROR] [fetcher] 抓取失败 [V2EX]: 网络请求失败: Get "https://www.v2ex.com/feed": context deadline exceeded (Client.Timeout exceeded while awaiting headers)
[2026-07-31 17:55:30.095] [ERROR] [fetcher] 请求失败 [豆瓣读书]: Get "https://feedx.net/rss/douban.xml": context deadline exceeded (Client.Timeout exceeded while awaiting headers)
[2026-07-31 17:55:30.204] [ERROR] [fetcher] 抓取失败 [豆瓣读书]: 网络请求失败: Get "https://feedx.net/rss/douban.xml": context deadline exceeded (Client.Timeout exceeded while awaiting headers)
[2026-07-31 17:55:45.253] [ERROR] [fetcher] 请求失败 [Hacker News]: Get "https://hnrss.org/frontpage": context deadline exceeded (Client.Timeout exceeded while awaiting headers)
[2026-07-31 17:55:45.409] [ERROR] [fetcher] 抓取失败 [Hacker News]: 网络请求失败: Get "https://hnrss.org/frontpage": context deadline exceeded (Client.Timeout exceeded while awaiting headers)
[2026-07-31 17:55:47.074] [ERROR] [fetcher] XML解析失败 [GitHub Trending]: expected element type <rss> but have <html> (响应前200字符: 

<!DOCTYPE html>
<html
  lang="en"
  
  data-color-mode="auto" data-light-theme="light" data-dark-theme="dark"
  data-a11y-animated-images="system" data-a11y-link-underlines="true"
  
  >




  <head)
[2026-07-31 17:55:47.188] [ERROR] [fetcher] 抓取失败 [GitHub Trending]: XML解析错误: expected element type <rss> but have <html>
[2026-07-31 17:55:47.271] [INFO] [fetcher] 抓取完成: 成功 8 个源, 失败 4 个源, 共获取 970 条新闻
[2026-07-31 17:55:47.296] [INFO] [fetcher] 准备保存 970 条新闻
[2026-07-31 17:55:47.548] [INFO] [fetcher] 成功保存 0 条新闻
[2026-07-31 21:41:28.175] [INFO] [system] 日志系统初始化完成
[2026-07-31 21:45:25.510] [INFO] [system] 日志系统初始化完成
[2026-07-31 22:25:00.529] [INFO] [system] 日志系统初始化完成
[2026-07-31 23:16:03.509] [INFO] [system] 日志系统初始化完成
[2026-08-01 00:12:32.469] [INFO] [system] 日志系统初始化完成
[2026-08-01 02:40:30.597] [INFO] [fetcher] 开始抓取 15 个新闻源
[2026-08-01 02:40:30.904] [INFO] [fetcher] 抓取成功 [人民网-时政]: 获取 100 条新闻
[2026-08-01 02:40:31.183] [INFO] [fetcher] 抓取成功 [人民网-财经]: 获取 100 条新闻
[2026-08-01 02:40:31.392] [INFO] [fetcher] 抓取成功 [人民网-体育]: 获取 100 条新闻
[2026-08-01 02:40:31.708] [INFO] [fetcher] 抓取成功 [新华网-时政]: 获取 300 条新闻
[2026-08-01 02:40:32.012] [INFO] [fetcher] 抓取成功 [新华网-财经]: 获取 300 条新闻
[2026-08-01 02:40:32.448] [INFO] [fetcher] 抓取成功 [中国新闻网]: 获取 30 条新闻
[2026-08-01 02:40:33.052] [INFO] [fetcher] 抓取成功 [36氪]: 获取 30 条新闻
[2026-08-01 02:40:33.415] [INFO] [fetcher] 抓取成功 [少数派]: 获取 10 条新闻
[2026-08-01 02:40:48.573] [ERROR] [fetcher] 请求失败 [V2EX]: Get "https://www.v2ex.com/feed": context deadline exceeded (Client.Timeout exceeded while awaiting headers)
[2026-08-01 02:40:48.685] [ERROR] [fetcher] 抓取失败 [V2EX]: 网络请求失败: Get "https://www.v2ex.com/feed": context deadline exceeded (Client.Timeout exceeded while awaiting headers)
[2026-08-01 02:41:03.794] [ERROR] [fetcher] 请求失败 [豆瓣读书]: Get "https://feedx.net/rss/douban.xml": context deadline exceeded (Client.Timeout exceeded while awaiting headers)
[2026-08-01 02:41:04.010] [ERROR] [fetcher] 抓取失败 [豆瓣读书]: 网络请求失败: Get "https://feedx.net/rss/douban.xml": context deadline exceeded (Client.Timeout exceeded while awaiting headers)
[2026-08-01 02:41:05.593] [INFO] [fetcher] 抓取成功 [Hacker News]: 获取 20 条新闻
[2026-08-01 02:41:20.756] [ERROR] [fetcher] 请求失败 [GitHub Trending]: Get "https://github.com/trending": context deadline exceeded (Client.Timeout exceeded while awaiting headers)
[2026-08-01 02:41:20.876] [ERROR] [fetcher] 抓取失败 [GitHub Trending]: 网络请求失败: Get "https://github.com/trending": context deadline exceeded (Client.Timeout exceeded while awaiting headers)
[2026-08-01 02:41:20.933] [INFO] [fetcher] 抓取完成: 成功 9 个源, 失败 3 个源, 共获取 990 条新闻
[2026-08-01 02:41:20.957] [INFO] [fetcher] 准备保存 990 条新闻
[2026-08-01 02:41:21.439] [INFO] [fetcher] 成功保存 75 条新闻
