[INFO] 2026/07/30 03:09:07 SEARCH query="select能有多么好看" engine=Bing results=10 duration=603.7358ms status=success
[INFO] 2026/07/30 03:09:07 SEARCH query="select能有多么好看" engine=Sogou results=8 duration=1.051912s status=success
[INFO] 2026/07/30 03:09:08 SEARCH query="select能有多么好看" engine=Baidu results=8 duration=1.2217364s status=success
[INFO] 2026/07/30 03:09:11 SEARCH query="select能有多么好看" engine=Bing results=10 duration=324.7955ms status=success
[INFO] 2026/07/30 03:09:11 SEARCH query="select能有多么好看" engine=Sogou results=0 duration=355.564ms status=success
[INFO] 2026/07/30 03:09:11 SEARCH query="select能有多么好看" engine=Baidu results=8 duration=640.9011ms status=success
[INFO] 2026/07/30 03:09:14 SEARCH query="select能有多么好看" engine=DuckDuckGo results=0 duration=8.1011676s status=error: Get "https://html.duckduckgo.com/html/?q=select%E8%83%BD%E6%9C%89%E5%A4%9A%E4%B9%88%E5%A5%BD%E7%9C%8B": context deadline exceeded (Client.Timeout exceeded while awaiting headers)
[INFO] 2026/07/30 03:09:14 SEARCH query="select能有多么好看" engine=Google results=0 duration=8.1011676s status=error: Get "https://www.google.com/search?num=10&q=select%E8%83%BD%E6%9C%89%E5%A4%9A%E4%B9%88%E5%A5%BD%E7%9C%8B": context deadline exceeded (Client.Timeout exceeded while awaiting headers)
[INFO] 2026/07/30 03:09:14 SEARCH COMPLETE query="select能有多么好看" total=10 engines=map[Baidu:8 Bing:10 Sogou:8]
[INFO] 2026/07/30 03:09:19 SEARCH query="select能有多么好看" engine=Google results=0 duration=8.1007378s status=error: Get "https://www.google.com/search?num=10&q=select%E8%83%BD%E6%9C%89%E5%A4%9A%E4%B9%88%E5%A5%BD%E7%9C%8B": context deadline exceeded (Client.Timeout exceeded while awaiting headers)
[INFO] 2026/07/30 03:09:19 SEARCH query="select能有多么好看" engine=DuckDuckGo results=0 duration=8.1007378s status=error: Get "https://html.duckduckgo.com/html/?q=select%E8%83%BD%E6%9C%89%E5%A4%9A%E4%B9%88%E5%A5%BD%E7%9C%8B": context deadline exceeded (Client.Timeout exceeded while awaiting headers)
[INFO] 2026/07/30 03:09:19 SEARCH COMPLETE query="select能有多么好看" total=10 engines=map[Baidu:8 Bing:10]
[INFO] 2026/07/30 03:22:44 SEARCH query="select能有多么好看" engine=Baidu results=8 duration=1.1705748s status=success
[INFO] 2026/07/30 03:22:44 SEARCH query="select能有多么好看" engine=Sogou results=8 duration=1.3034385s status=success
[INFO] 2026/07/30 03:22:51 SEARCH query="select能有多么好看" engine=Google results=0 duration=8.1462533s status=error: Get "https://www.google.com/search?num=10&q=select%E8%83%BD%E6%9C%89%E5%A4%9A%E4%B9%88%E5%A5%BD%E7%9C%8B": context deadline exceeded (Client.Timeout exceeded while awaiting headers)
[INFO] 2026/07/30 03:22:51 SEARCH query="select能有多么好看" engine=Bing results=0 duration=8.2316121s status=error: Get "https://cn.bing.com/search?count=10&q=select%E8%83%BD%E6%9C%89%E5%A4%9A%E4%B9%88%E5%A5%BD%E7%9C%8B": context deadline exceeded (Client.Timeout exceeded while awaiting headers)
[INFO] 2026/07/30 03:22:52 SEARCH query="select能有多么好看" engine=DuckDuckGo results=0 duration=8.3497434s status=error: Get "https://html.duckduckgo.com/html/?q=select%E8%83%BD%E6%9C%89%E5%A4%9A%E4%B9%88%E5%A5%BD%E7%9C%8B": context deadline exceeded (Client.Timeout exceeded while awaiting headers)
[INFO] 2026/07/30 03:22:52 SEARCH COMPLETE query="select能有多么好看" total=10 engines=map[Baidu:8 Sogou:8]
[INFO] 2026/07/30 03:22:55 CACHE HIT query="select能有多么好看"
[INFO] 2026/07/30 03:23:34 SEARCH query="小狗" engine=Bing results=10 duration=310.7672ms status=success
[INFO] 2026/07/30 03:23:34 SEARCH query="小狗" engine=Baidu results=0 duration=333.6369ms status=success
[INFO] 2026/07/30 03:23:34 SEARCH query="小狗" engine=Sogou results=0 duration=347.9909ms status=success
[INFO] 2026/07/30 03:23:42 SEARCH query="小狗" engine=DuckDuckGo results=0 duration=8.1003659s status=error: Get "https://html.duckduckgo.com/html/?q=%E5%B0%8F%E7%8B%97": context deadline exceeded (Client.Timeout exceeded while awaiting headers)
[INFO] 2026/07/30 03:23:42 SEARCH query="小狗" engine=Google results=0 duration=8.1003659s status=error: Get "https://www.google.com/search?num=10&q=%E5%B0%8F%E7%8B%97": context deadline exceeded (Client.Timeout exceeded while awaiting headers)
[INFO] 2026/07/30 03:23:42 SEARCH COMPLETE query="小狗" total=10 engines=map[Bing:10]
[INFO] 2026/07/30 03:23:45 CACHE HIT query="小狗"
