[2026-07-31 02:38:52] >>> 启动命令: searchengine.exe (工作目录: F:\projects\市舶司 1.x\市舶司 1.26.1\Service\SearchEngine)
Loaded index from: F:\projects\市舶司 1.x\市舶司 1.26.1\Service\SearchEngine\index.html
Search engine service starting...
Access address: http://localhost:8081
Health check: http://localhost:8081/api/health
Project root: F:\projects\市舶司 1.x\市舶司 1.26.1
[2026-07-31 02:43:26] <<< 进程已结束 (PID=12924)
[2026-07-31 02:57:57] >>> 启动命令: searchengine.exe (工作目录: F:\projects\市舶司 1.x\市舶司 1.26.1\Service\SearchEngine)
Loaded index from: F:\projects\市舶司 1.x\市舶司 1.26.1\Service\SearchEngine\index.html
Search engine service starting...
Access address: http://localhost:8081
Health check: http://localhost:8081/api/health
Project root: F:\projects\市舶司 1.x\市舶司 1.26.1
[2026-07-31 02:58:20] <<< 进程已结束 (PID=10088)
[2026-07-31 17:54:46] >>> 启动命令: searchengine.exe (工作目录: F:\projects\市舶司 1.x\市舶司 1.26.1\Service\SearchEngine)
Loaded index from: F:\projects\市舶司 1.x\市舶司 1.26.1\Service\SearchEngine\index.html
Search engine service starting...
Access address: http://localhost:8081
Health check: http://localhost:8081/api/health
Project root: F:\projects\市舶司 1.x\市舶司 1.26.1
Service start failed: listen tcp :8081: bind: Only one usage of each socket address (protocol/network address/port) is normally permitted.
[2026-07-31 17:54:46] <<< 进程已结束 (PID=5956)
