[2026-07-31 01:39:55] [INFO] ============ 市舶司管理后台启动 ============
[2026-07-31 01:39:55] [INFO] 系统初始化完成，已加载默认配置
[2026-07-31 01:39:55] [WARN] 检测到1个安全提醒：请尽快修改默认管理员密码
[2026-07-31 02:05:57] [INFO] ============ 市舶司管理后台启动 ============
[2026-07-31 02:05:57] [INFO] 系统初始化完成，已加载默认配置
[2026-07-31 02:05:57] [INFO] 数据库连接成功
[2026-07-31 02:05:57] [INFO] 6 个机器人已就绪
[2026-07-31 02:05:57] [WARN] 检测到1个安全提醒：请尽快修改默认管理员密码
[2026-07-31 02:05:57] [INFO] 防火墙规则已加载: 6 条
[2026-07-31 02:05:57] [INFO] 软件商店已加载: 10 个软件包
[2026-07-31 02:05:57] [INFO] 计划任务已加载: 4 个任务
[2026-07-31 02:05:57] [INFO] WebSocket 服务已启动
[2026-07-31 02:05:57] [INFO] 系统监控已启动，CPU/内存/磁盘实时监控中[2026-07-31 02:06:50] [INFO] ============ 市舶司管理后台启动 ============
[2026-07-31 02:06:50] [INFO] 系统初始化完成，已加载默认配置
[2026-07-31 02:06:50] [INFO] 数据库连接成功
[2026-07-31 02:06:50] [INFO] 6 个机器人已就绪
[2026-07-31 02:06:50] [WARN] 检测到1个安全提醒：请尽快修改默认管理员密码
[2026-07-31 02:06:50] [INFO] 防火墙规则已加载: 6 条
[2026-07-31 02:06:50] [INFO] 软件商店已加载: 10 个软件包
[2026-07-31 02:06:50] [INFO] 计划任务已加载: 4 个任务
[2026-07-31 02:06:50] [INFO] WebSocket 服务已启动
[2026-07-31 02:06:50] [INFO] 系统监控已启动，CPU/内存/磁盘实时监控中[2026-07-31 02:07:15] [INFO] ============ 市舶司管理后台启动 ============
[2026-07-31 02:07:15] [INFO] 系统初始化完成，已加载默认配置
[2026-07-31 02:07:15] [INFO] 数据库连接成功
[2026-07-31 02:07:15] [INFO] 6 个机器人已就绪
[2026-07-31 02:07:15] [WARN] 检测到1个安全提醒：请尽快修改默认管理员密码
[2026-07-31 02:07:15] [INFO] 防火墙规则已加载: 6 条
[2026-07-31 02:07:15] [INFO] 软件商店已加载: 10 个软件包
[2026-07-31 02:07:15] [INFO] 计划任务已加载: 4 个任务
[2026-07-31 02:07:15] [INFO] WebSocket 服务已启动
[2026-07-31 02:07:15] [INFO] 系统监控已启动，CPU/内存/磁盘实时监控中[2026-07-31 02:09:56] [INFO] ============ 市舶司管理后台启动 ============
[2026-07-31 02:09:56] [INFO] 系统初始化完成，已加载默认配置
[2026-07-31 02:09:56] [INFO] 数据库连接成功
[2026-07-31 02:09:56] [INFO] 6 个机器人已就绪
[2026-07-31 02:09:56] [WARN] 检测到1个安全提醒：请尽快修改默认管理员密码
[2026-07-31 02:09:56] [INFO] 防火墙规则已加载: 6 条
[2026-07-31 02:09:56] [INFO] 软件商店已加载: 10 个软件包
[2026-07-31 02:09:56] [INFO] 计划任务已加载: 4 个任务
[2026-07-31 02:09:56] [INFO] WebSocket 服务已启动
[2026-07-31 02:09:56] [INFO] 系统监控已启动，CPU/内存/磁盘实时监控中[2026-07-31 02:20:05] [INFO] ============ 市舶司管理后台启动 ============
[2026-07-31 02:20:05] [INFO] 系统初始化完成，已加载默认配置
[2026-07-31 02:20:05] [INFO] 数据库连接成功
[2026-07-31 02:20:05] [INFO] 6 个机器人已就绪
[2026-07-31 02:20:05] [WARN] 检测到1个安全提醒：请尽快修改默认管理员密码
[2026-07-31 02:20:05] [INFO] 防火墙规则已加载: 6 条
[2026-07-31 02:20:05] [INFO] 软件商店已加载: 10 个软件包
[2026-07-31 02:20:05] [INFO] 计划任务已加载: 4 个任务
[2026-07-31 02:20:05] [INFO] WebSocket 服务已启动
[2026-07-31 02:20:05] [INFO] 系统监控已启动，CPU/内存/磁盘实时监控中[2026-07-31 02:30:10] [INFO] ============ 市舶司管理后台启动 ============
[2026-07-31 02:30:10] [INFO] 系统初始化完成，已加载默认配置
[2026-07-31 02:30:10] [INFO] 数据库连接成功
[2026-07-31 02:30:10] [INFO] 6 个机器人已就绪
[2026-07-31 02:30:10] [WARN] 检测到1个安全提醒：请尽快修改默认管理员密码
[2026-07-31 02:30:10] [INFO] 防火墙规则已加载: 6 条
[2026-07-31 02:30:10] [INFO] 软件商店已加载: 10 个软件包
[2026-07-31 02:30:10] [INFO] 计划任务已加载: 4 个任务
[2026-07-31 02:30:10] [INFO] WebSocket 服务已启动
[2026-07-31 02:30:10] [INFO] 系统监控已启动，CPU/内存/磁盘实时监控中[2026-07-31 02:36:06] [INFO] ============ 市舶司管理后台启动 ============
[2026-07-31 02:36:06] [INFO] 系统初始化完成，已加载默认配置
[2026-07-31 02:36:06] [INFO] 数据库连接成功
[2026-07-31 02:36:06] [INFO] 6 个机器人已就绪
[2026-07-31 02:36:06] [WARN] 检测到1个安全提醒：请尽快修改默认管理员密码
[2026-07-31 02:36:06] [INFO] 防火墙规则已加载: 6 条
[2026-07-31 02:36:06] [INFO] 软件商店已加载: 10 个软件包
[2026-07-31 02:36:06] [INFO] 计划任务已加载: 4 个任务
[2026-07-31 02:36:06] [INFO] WebSocket 服务已启动
[2026-07-31 02:36:06] [INFO] 系统监控已启动，CPU/内存/磁盘实时监控中[2026-07-31 02:46:47] [INFO] ============ 市舶司管理后台启动 ============
[2026-07-31 02:46:47] [INFO] 系统初始化完成，已加载默认配置
[2026-07-31 02:46:47] [INFO] 数据库连接成功
[2026-07-31 02:46:47] [INFO] 6 个机器人已就绪
[2026-07-31 02:46:47] [WARN] 检测到1个安全提醒：请尽快修改默认管理员密码
[2026-07-31 02:46:47] [INFO] 防火墙规则已加载: 6 条
[2026-07-31 02:46:47] [INFO] 软件商店已加载: 10 个软件包
[2026-07-31 02:46:47] [INFO] 计划任务已加载: 4 个任务
[2026-07-31 02:46:47] [INFO] WebSocket 服务已启动
[2026-07-31 02:46:47] [INFO] 系统监控已启动，CPU/内存/磁盘实时监控中[2026-07-31 17:43:07] [INFO] ============ 市舶司管理后台启动 ============
[2026-07-31 17:43:07] [INFO] 系统初始化完成，已加载默认配置
[2026-07-31 17:43:07] [INFO] 数据库连接成功
[2026-07-31 17:43:07] [INFO] 6 个机器人已就绪
[2026-07-31 17:43:07] [WARN] 检测到1个安全提醒：请尽快修改默认管理员密码
[2026-07-31 17:43:07] [INFO] 防火墙规则已加载: 6 条
[2026-07-31 17:43:07] [INFO] 软件商店已加载: 10 个软件包
[2026-07-31 17:43:07] [INFO] 计划任务已加载: 4 个任务
[2026-07-31 17:43:07] [INFO] WebSocket 服务已启动
[2026-07-31 17:43:07] [INFO] 系统监控已启动，CPU/内存/磁盘实时监控中[2026-07-31 17:52:03] [INFO] ============ 市舶司管理后台启动 ============
[2026-07-31 17:52:03] [INFO] 系统初始化完成，已加载默认配置
[2026-07-31 17:52:03] [INFO] 数据库连接成功
[2026-07-31 17:52:03] [INFO] 6 个机器人已就绪
[2026-07-31 17:52:03] [WARN] 检测到1个安全提醒：请尽快修改默认管理员密码
[2026-07-31 17:52:03] [INFO] 防火墙规则已加载: 6 条
[2026-07-31 17:52:03] [INFO] 软件商店已加载: 10 个软件包
[2026-07-31 17:52:03] [INFO] 计划任务已加载: 4 个任务
[2026-07-31 17:52:03] [INFO] WebSocket 服务已启动
[2026-07-31 17:52:03] [INFO] 系统监控已启动，CPU/内存/磁盘实时监控中[2026-07-31 21:45:29] [INFO] ============ 市舶司管理后台启动 ============
[2026-07-31 21:45:29] [INFO] 系统初始化完成，已加载默认配置
[2026-07-31 21:45:29] [INFO] 数据库连接成功
[2026-07-31 21:45:29] [INFO] 6 个机器人已就绪
[2026-07-31 21:45:29] [WARN] 检测到1个安全提醒：请尽快修改默认管理员密码
[2026-07-31 21:45:29] [INFO] 防火墙规则已加载: 6 条
[2026-07-31 21:45:29] [INFO] 软件商店已加载: 10 个软件包
[2026-07-31 21:45:29] [INFO] 计划任务已加载: 4 个任务
[2026-07-31 21:45:29] [INFO] WebSocket 服务已启动
[2026-07-31 21:45:29] [INFO] 系统监控已启动，CPU/内存/磁盘实时监控中[2026-07-31 22:25:06] [INFO] ============ 市舶司管理后台启动 ============
[2026-07-31 22:25:06] [INFO] 系统初始化完成，已加载默认配置
[2026-07-31 22:25:06] [INFO] 数据库连接成功
[2026-07-31 22:25:06] [INFO] 6 个机器人已就绪
[2026-07-31 22:25:06] [WARN] 检测到1个安全提醒：请尽快修改默认管理员密码
[2026-07-31 22:25:06] [INFO] 防火墙规则已加载: 6 条
[2026-07-31 22:25:06] [INFO] 软件商店已加载: 10 个软件包
[2026-07-31 22:25:06] [INFO] 计划任务已加载: 4 个任务
[2026-07-31 22:25:06] [INFO] WebSocket 服务已启动
[2026-07-31 22:25:06] [INFO] 系统监控已启动，CPU/内存/磁盘实时监控中[2026-07-31 23:16:05] [INFO] ============ 市舶司管理后台启动 ============
[2026-07-31 23:16:05] [INFO] 系统初始化完成，已加载默认配置
[2026-07-31 23:16:05] [INFO] 数据库连接成功
[2026-07-31 23:16:05] [INFO] 6 个机器人已就绪
[2026-07-31 23:16:05] [WARN] 检测到1个安全提醒：请尽快修改默认管理员密码
[2026-07-31 23:16:05] [INFO] 防火墙规则已加载: 6 条
[2026-07-31 23:16:05] [INFO] 软件商店已加载: 10 个软件包
[2026-07-31 23:16:05] [INFO] 计划任务已加载: 4 个任务
[2026-07-31 23:16:05] [INFO] WebSocket 服务已启动
[2026-07-31 23:16:05] [INFO] 系统监控已启动，CPU/内存/磁盘实时监控中[2026-08-01 00:12:34] [INFO] ============ 市舶司管理后台启动 ============
[2026-08-01 00:12:34] [INFO] 系统初始化完成，已加载默认配置
[2026-08-01 00:12:34] [INFO] 数据库连接成功
[2026-08-01 00:12:34] [INFO] 6 个机器人已就绪
[2026-08-01 00:12:34] [WARN] 检测到1个安全提醒：请尽快修改默认管理员密码
[2026-08-01 00:12:34] [INFO] 防火墙规则已加载: 6 条
[2026-08-01 00:12:34] [INFO] 软件商店已加载: 10 个软件包
[2026-08-01 00:12:34] [INFO] 计划任务已加载: 4 个任务
[2026-08-01 00:12:34] [INFO] WebSocket 服务已启动
[2026-08-01 00:12:34] [INFO] 系统监控已启动，CPU/内存/磁盘实时监控中