[2026-07-31 02:05:57] [INFO] 机器人服务启动
[2026-07-31 02:05:57] [INFO] 已加载 6 个机器人
[2026-07-31 02:05:57] [INFO] [新闻爬虫-通用] 等待调度...
[2026-07-31 02:05:57] [INFO] [舆情分析器] 等待调度...
[2026-07-31 02:05:57] [WARN] [网络安全监控] 检测到端口扫描，已触发防御机制
[2026-07-31 02:05:57] [INFO] [AI智能助手] 模型加载完成[2026-07-31 02:06:50] [INFO] 机器人服务启动
[2026-07-31 02:06:50] [INFO] 已加载 6 个机器人
[2026-07-31 02:06:50] [INFO] [新闻爬虫-通用] 等待调度...
[2026-07-31 02:06:50] [INFO] [舆情分析器] 等待调度...
[2026-07-31 02:06:50] [WARN] [网络安全监控] 检测到端口扫描，已触发防御机制
[2026-07-31 02:06:50] [INFO] [AI智能助手] 模型加载完成[2026-07-31 02:07:15] [INFO] 机器人服务启动
[2026-07-31 02:07:15] [INFO] 已加载 6 个机器人
[2026-07-31 02:07:15] [INFO] [新闻爬虫-通用] 等待调度...
[2026-07-31 02:07:15] [INFO] [舆情分析器] 等待调度...
[2026-07-31 02:07:15] [WARN] [网络安全监控] 检测到端口扫描，已触发防御机制
[2026-07-31 02:07:15] [INFO] [AI智能助手] 模型加载完成[2026-07-31 02:09:56] [INFO] 机器人服务启动
[2026-07-31 02:09:56] [INFO] 已加载 6 个机器人
[2026-07-31 02:09:56] [INFO] [新闻爬虫-通用] 等待调度...
[2026-07-31 02:09:56] [INFO] [舆情分析器] 等待调度...
[2026-07-31 02:09:56] [WARN] [网络安全监控] 检测到端口扫描，已触发防御机制
[2026-07-31 02:09:56] [INFO] [AI智能助手] 模型加载完成[2026-07-31 02:20:05] [INFO] 机器人服务启动
[2026-07-31 02:20:05] [INFO] 已加载 6 个机器人
[2026-07-31 02:20:05] [INFO] [新闻爬虫-通用] 等待调度...
[2026-07-31 02:20:05] [INFO] [舆情分析器] 等待调度...
[2026-07-31 02:20:05] [WARN] [网络安全监控] 检测到端口扫描，已触发防御机制
[2026-07-31 02:20:05] [INFO] [AI智能助手] 模型加载完成[2026-07-31 02:30:10] [INFO] 机器人服务启动
[2026-07-31 02:30:10] [INFO] 已加载 6 个机器人
[2026-07-31 02:30:10] [INFO] [新闻爬虫-通用] 等待调度...
[2026-07-31 02:30:10] [INFO] [舆情分析器] 等待调度...
[2026-07-31 02:30:10] [WARN] [网络安全监控] 检测到端口扫描，已触发防御机制
[2026-07-31 02:30:10] [INFO] [AI智能助手] 模型加载完成[2026-07-31 02:36:06] [INFO] 机器人服务启动
[2026-07-31 02:36:06] [INFO] 已加载 6 个机器人
[2026-07-31 02:36:06] [INFO] [新闻爬虫-通用] 等待调度...
[2026-07-31 02:36:06] [INFO] [舆情分析器] 等待调度...
[2026-07-31 02:36:06] [WARN] [网络安全监控] 检测到端口扫描，已触发防御机制
[2026-07-31 02:36:06] [INFO] [AI智能助手] 模型加载完成[2026-07-31 02:46:47] [INFO] 机器人服务启动
[2026-07-31 02:46:47] [INFO] 已加载 6 个机器人
[2026-07-31 02:46:47] [INFO] [新闻爬虫-通用] 等待调度...
[2026-07-31 02:46:47] [INFO] [舆情分析器] 等待调度...
[2026-07-31 02:46:47] [WARN] [网络安全监控] 检测到端口扫描，已触发防御机制
[2026-07-31 02:46:47] [INFO] [AI智能助手] 模型加载完成[2026-07-31 17:43:07] [INFO] 机器人服务启动
[2026-07-31 17:43:07] [INFO] 已加载 6 个机器人
[2026-07-31 17:43:07] [INFO] [新闻爬虫-通用] 等待调度...
[2026-07-31 17:43:07] [INFO] [舆情分析器] 等待调度...
[2026-07-31 17:43:07] [WARN] [网络安全监控] 检测到端口扫描，已触发防御机制
[2026-07-31 17:43:07] [INFO] [AI智能助手] 模型加载完成[2026-07-31 17:52:03] [INFO] 机器人服务启动
[2026-07-31 17:52:03] [INFO] 已加载 6 个机器人
[2026-07-31 17:52:03] [INFO] [新闻爬虫-通用] 等待调度...
[2026-07-31 17:52:03] [INFO] [舆情分析器] 等待调度...
[2026-07-31 17:52:03] [WARN] [网络安全监控] 检测到端口扫描，已触发防御机制
[2026-07-31 17:52:03] [INFO] [AI智能助手] 模型加载完成[2026-07-31 21:45:29] [INFO] 机器人服务启动
[2026-07-31 21:45:29] [INFO] 已加载 6 个机器人
[2026-07-31 21:45:29] [INFO] [新闻爬虫-通用] 等待调度...
[2026-07-31 21:45:29] [INFO] [舆情分析器] 等待调度...
[2026-07-31 21:45:29] [WARN] [网络安全监控] 检测到端口扫描，已触发防御机制
[2026-07-31 21:45:29] [INFO] [AI智能助手] 模型加载完成[2026-07-31 22:25:06] [INFO] 机器人服务启动
[2026-07-31 22:25:06] [INFO] 已加载 6 个机器人
[2026-07-31 22:25:06] [INFO] [新闻爬虫-通用] 等待调度...
[2026-07-31 22:25:06] [INFO] [舆情分析器] 等待调度...
[2026-07-31 22:25:06] [WARN] [网络安全监控] 检测到端口扫描，已触发防御机制
[2026-07-31 22:25:06] [INFO] [AI智能助手] 模型加载完成[2026-07-31 23:16:05] [INFO] 机器人服务启动
[2026-07-31 23:16:05] [INFO] 已加载 6 个机器人
[2026-07-31 23:16:05] [INFO] [新闻爬虫-通用] 等待调度...
[2026-07-31 23:16:05] [INFO] [舆情分析器] 等待调度...
[2026-07-31 23:16:05] [WARN] [网络安全监控] 检测到端口扫描，已触发防御机制
[2026-07-31 23:16:05] [INFO] [AI智能助手] 模型加载完成[2026-08-01 00:12:34] [INFO] 机器人服务启动
[2026-08-01 00:12:34] [INFO] 已加载 6 个机器人
[2026-08-01 00:12:34] [INFO] [新闻爬虫-通用] 等待调度...
[2026-08-01 00:12:34] [INFO] [舆情分析器] 等待调度...
[2026-08-01 00:12:34] [WARN] [网络安全监控] 检测到端口扫描，已触发防御机制
[2026-08-01 00:12:34] [INFO] [AI智能助手] 模型加载完成